// Jest Snapshot v1, https://goo.gl/fbAQLP

exports[`snapshots renders App component correctly 1`] = `
<div
  className="home-container"
>
  <h1
    align="center"
  >
    Welcome to Math-magician Calculator
  </h1>
  <p>
    In this project you will learn how to build a very simple React application. You will work in a real-world project for a fictional company that requires your help
  </p>
  <p>
    Math-magicians is a fictional company based in France. They have requested your help to build a simple product that would assist them with their calculations. An important thing to notice is that they have asked for a product that is just fully-functional and it does not need to be beautiful and user-friendly (at least in its first version).
  </p>
</div>
`;
