// Jest Snapshot v1, https://goo.gl/fbAQLP

exports[`snapshots renders App component correctly 1`] = `
<div
  className="nav"
>
  <div
    className="logo"
  >
    <span
      className="math"
    >
      Math
    </span>
    Magician
  </div>
  <div
    className="nav-bar"
  >
    <a
      href="/"
    >
      Home
    </a>
    <a
      href="/Calculator"
    >
      Calculator
    </a>
    <a
      href="/Quote"
    >
      Quote
    </a>
  </div>
</div>
`;
